Archive member included to satisfy reference by file (symbol)

/dsk/l1/misc/roselyne/riscv/lib/gcc/riscv64-unknown-elf/12.2.0/rv32im/ilp32/libgcc.a(_divdi3.o)
                              firmware/multest.o (__divdi3)
/dsk/l1/misc/roselyne/riscv/lib/gcc/riscv64-unknown-elf/12.2.0/rv32im/ilp32/libgcc.a(_moddi3.o)
                              firmware/multest.o (__moddi3)
/dsk/l1/misc/roselyne/riscv/lib/gcc/riscv64-unknown-elf/12.2.0/rv32im/ilp32/libgcc.a(_udivdi3.o)
                              firmware/multest.o (__udivdi3)
/dsk/l1/misc/roselyne/riscv/lib/gcc/riscv64-unknown-elf/12.2.0/rv32im/ilp32/libgcc.a(_umoddi3.o)
                              firmware/multest.o (__umoddi3)
/dsk/l1/misc/roselyne/riscv/lib/gcc/riscv64-unknown-elf/12.2.0/rv32im/ilp32/libgcc.a(muldi3.o)
                              firmware/multest.o (__mulsi3)
/dsk/l1/misc/roselyne/riscv/lib/gcc/riscv64-unknown-elf/12.2.0/rv32im/ilp32/libgcc.a(multi3.o)
                              firmware/multest.o (__muldi3)
/dsk/l1/misc/roselyne/riscv/lib/gcc/riscv64-unknown-elf/12.2.0/rv32im/ilp32/libgcc.a(div.o)
                              firmware/print.o (__udivsi3)
/dsk/l1/misc/roselyne/riscv/lib/gcc/riscv64-unknown-elf/12.2.0/rv32im/ilp32/libgcc.a(_clz.o)
                              /dsk/l1/misc/roselyne/riscv/lib/gcc/riscv64-unknown-elf/12.2.0/rv32im/ilp32/libgcc.a(_divdi3.o) (__clz_tab)

Discarded input sections

 .debug_info    0x00000000      0x793 /dsk/l1/misc/roselyne/riscv/lib/gcc/riscv64-unknown-elf/12.2.0/rv32im/ilp32/libgcc.a(_divdi3.o)
 .debug_abbrev  0x00000000      0x1bf /dsk/l1/misc/roselyne/riscv/lib/gcc/riscv64-unknown-elf/12.2.0/rv32im/ilp32/libgcc.a(_divdi3.o)
 .debug_loclists
                0x00000000      0x852 /dsk/l1/misc/roselyne/riscv/lib/gcc/riscv64-unknown-elf/12.2.0/rv32im/ilp32/libgcc.a(_divdi3.o)
 .debug_aranges
                0x00000000       0x20 /dsk/l1/misc/roselyne/riscv/lib/gcc/riscv64-unknown-elf/12.2.0/rv32im/ilp32/libgcc.a(_divdi3.o)
 .debug_rnglists
                0x00000000       0xff /dsk/l1/misc/roselyne/riscv/lib/gcc/riscv64-unknown-elf/12.2.0/rv32im/ilp32/libgcc.a(_divdi3.o)
 .debug_line    0x00000000      0x7bc /dsk/l1/misc/roselyne/riscv/lib/gcc/riscv64-unknown-elf/12.2.0/rv32im/ilp32/libgcc.a(_divdi3.o)
 .debug_str     0x00000000      0x247 /dsk/l1/misc/roselyne/riscv/lib/gcc/riscv64-unknown-elf/12.2.0/rv32im/ilp32/libgcc.a(_divdi3.o)
 .debug_line_str
                0x00000000      0x17e /dsk/l1/misc/roselyne/riscv/lib/gcc/riscv64-unknown-elf/12.2.0/rv32im/ilp32/libgcc.a(_divdi3.o)
 .debug_info    0x00000000      0x7e4 /dsk/l1/misc/roselyne/riscv/lib/gcc/riscv64-unknown-elf/12.2.0/rv32im/ilp32/libgcc.a(_moddi3.o)
 .debug_abbrev  0x00000000      0x1ca /dsk/l1/misc/roselyne/riscv/lib/gcc/riscv64-unknown-elf/12.2.0/rv32im/ilp32/libgcc.a(_moddi3.o)
 .debug_loclists
                0x00000000      0x74c /dsk/l1/misc/roselyne/riscv/lib/gcc/riscv64-unknown-elf/12.2.0/rv32im/ilp32/libgcc.a(_moddi3.o)
 .debug_aranges
                0x00000000       0x20 /dsk/l1/misc/roselyne/riscv/lib/gcc/riscv64-unknown-elf/12.2.0/rv32im/ilp32/libgcc.a(_moddi3.o)
 .debug_rnglists
                0x00000000       0xbf /dsk/l1/misc/roselyne/riscv/lib/gcc/riscv64-unknown-elf/12.2.0/rv32im/ilp32/libgcc.a(_moddi3.o)
 .debug_line    0x00000000      0x824 /dsk/l1/misc/roselyne/riscv/lib/gcc/riscv64-unknown-elf/12.2.0/rv32im/ilp32/libgcc.a(_moddi3.o)
 .debug_str     0x00000000      0x247 /dsk/l1/misc/roselyne/riscv/lib/gcc/riscv64-unknown-elf/12.2.0/rv32im/ilp32/libgcc.a(_moddi3.o)
 .debug_line_str
                0x00000000      0x17e /dsk/l1/misc/roselyne/riscv/lib/gcc/riscv64-unknown-elf/12.2.0/rv32im/ilp32/libgcc.a(_moddi3.o)
 .debug_info    0x00000000      0x761 /dsk/l1/misc/roselyne/riscv/lib/gcc/riscv64-unknown-elf/12.2.0/rv32im/ilp32/libgcc.a(_udivdi3.o)
 .debug_abbrev  0x00000000      0x1a6 /dsk/l1/misc/roselyne/riscv/lib/gcc/riscv64-unknown-elf/12.2.0/rv32im/ilp32/libgcc.a(_udivdi3.o)
 .debug_loclists
                0x00000000      0xa4c /dsk/l1/misc/roselyne/riscv/lib/gcc/riscv64-unknown-elf/12.2.0/rv32im/ilp32/libgcc.a(_udivdi3.o)
 .debug_aranges
                0x00000000       0x20 /dsk/l1/misc/roselyne/riscv/lib/gcc/riscv64-unknown-elf/12.2.0/rv32im/ilp32/libgcc.a(_udivdi3.o)
 .debug_rnglists
                0x00000000      0x111 /dsk/l1/misc/roselyne/riscv/lib/gcc/riscv64-unknown-elf/12.2.0/rv32im/ilp32/libgcc.a(_udivdi3.o)
 .debug_line    0x00000000      0x713 /dsk/l1/misc/roselyne/riscv/lib/gcc/riscv64-unknown-elf/12.2.0/rv32im/ilp32/libgcc.a(_udivdi3.o)
 .debug_str     0x00000000      0x248 /dsk/l1/misc/roselyne/riscv/lib/gcc/riscv64-unknown-elf/12.2.0/rv32im/ilp32/libgcc.a(_udivdi3.o)
 .debug_line_str
                0x00000000      0x17e /dsk/l1/misc/roselyne/riscv/lib/gcc/riscv64-unknown-elf/12.2.0/rv32im/ilp32/libgcc.a(_udivdi3.o)
 .debug_info    0x00000000      0x7b4 /dsk/l1/misc/roselyne/riscv/lib/gcc/riscv64-unknown-elf/12.2.0/rv32im/ilp32/libgcc.a(_umoddi3.o)
 .debug_abbrev  0x00000000      0x1aa /dsk/l1/misc/roselyne/riscv/lib/gcc/riscv64-unknown-elf/12.2.0/rv32im/ilp32/libgcc.a(_umoddi3.o)
 .debug_loclists
                0x00000000      0x81d /dsk/l1/misc/roselyne/riscv/lib/gcc/riscv64-unknown-elf/12.2.0/rv32im/ilp32/libgcc.a(_umoddi3.o)
 .debug_aranges
                0x00000000       0x20 /dsk/l1/misc/roselyne/riscv/lib/gcc/riscv64-unknown-elf/12.2.0/rv32im/ilp32/libgcc.a(_umoddi3.o)
 .debug_rnglists
                0x00000000       0xac /dsk/l1/misc/roselyne/riscv/lib/gcc/riscv64-unknown-elf/12.2.0/rv32im/ilp32/libgcc.a(_umoddi3.o)
 .debug_line    0x00000000      0x78d /dsk/l1/misc/roselyne/riscv/lib/gcc/riscv64-unknown-elf/12.2.0/rv32im/ilp32/libgcc.a(_umoddi3.o)
 .debug_str     0x00000000      0x248 /dsk/l1/misc/roselyne/riscv/lib/gcc/riscv64-unknown-elf/12.2.0/rv32im/ilp32/libgcc.a(_umoddi3.o)
 .debug_line_str
                0x00000000      0x17e /dsk/l1/misc/roselyne/riscv/lib/gcc/riscv64-unknown-elf/12.2.0/rv32im/ilp32/libgcc.a(_umoddi3.o)
 .debug_line    0x00000000       0x7a /dsk/l1/misc/roselyne/riscv/lib/gcc/riscv64-unknown-elf/12.2.0/rv32im/ilp32/libgcc.a(muldi3.o)
 .debug_line_str
                0x00000000       0xc1 /dsk/l1/misc/roselyne/riscv/lib/gcc/riscv64-unknown-elf/12.2.0/rv32im/ilp32/libgcc.a(muldi3.o)
 .debug_info    0x00000000       0x31 /dsk/l1/misc/roselyne/riscv/lib/gcc/riscv64-unknown-elf/12.2.0/rv32im/ilp32/libgcc.a(muldi3.o)
 .debug_abbrev  0x00000000       0x28 /dsk/l1/misc/roselyne/riscv/lib/gcc/riscv64-unknown-elf/12.2.0/rv32im/ilp32/libgcc.a(muldi3.o)
 .debug_aranges
                0x00000000       0x20 /dsk/l1/misc/roselyne/riscv/lib/gcc/riscv64-unknown-elf/12.2.0/rv32im/ilp32/libgcc.a(muldi3.o)
 .debug_str     0x00000000       0xd8 /dsk/l1/misc/roselyne/riscv/lib/gcc/riscv64-unknown-elf/12.2.0/rv32im/ilp32/libgcc.a(muldi3.o)
 .debug_info    0x00000000      0x1e9 /dsk/l1/misc/roselyne/riscv/lib/gcc/riscv64-unknown-elf/12.2.0/rv32im/ilp32/libgcc.a(multi3.o)
 .debug_abbrev  0x00000000      0x115 /dsk/l1/misc/roselyne/riscv/lib/gcc/riscv64-unknown-elf/12.2.0/rv32im/ilp32/libgcc.a(multi3.o)
 .debug_loclists
                0x00000000      0x11e /dsk/l1/misc/roselyne/riscv/lib/gcc/riscv64-unknown-elf/12.2.0/rv32im/ilp32/libgcc.a(multi3.o)
 .debug_aranges
                0x00000000       0x20 /dsk/l1/misc/roselyne/riscv/lib/gcc/riscv64-unknown-elf/12.2.0/rv32im/ilp32/libgcc.a(multi3.o)
 .debug_line    0x00000000      0x1f8 /dsk/l1/misc/roselyne/riscv/lib/gcc/riscv64-unknown-elf/12.2.0/rv32im/ilp32/libgcc.a(multi3.o)
 .debug_str     0x00000000      0x203 /dsk/l1/misc/roselyne/riscv/lib/gcc/riscv64-unknown-elf/12.2.0/rv32im/ilp32/libgcc.a(multi3.o)
 .debug_line_str
                0x00000000      0x1d0 /dsk/l1/misc/roselyne/riscv/lib/gcc/riscv64-unknown-elf/12.2.0/rv32im/ilp32/libgcc.a(multi3.o)
 .debug_frame   0x00000000       0x20 /dsk/l1/misc/roselyne/riscv/lib/gcc/riscv64-unknown-elf/12.2.0/rv32im/ilp32/libgcc.a(multi3.o)
 .debug_line    0x00000000      0x153 /dsk/l1/misc/roselyne/riscv/lib/gcc/riscv64-unknown-elf/12.2.0/rv32im/ilp32/libgcc.a(div.o)
 .debug_line_str
                0x00000000       0xbe /dsk/l1/misc/roselyne/riscv/lib/gcc/riscv64-unknown-elf/12.2.0/rv32im/ilp32/libgcc.a(div.o)
 .debug_info    0x00000000       0x5f /dsk/l1/misc/roselyne/riscv/lib/gcc/riscv64-unknown-elf/12.2.0/rv32im/ilp32/libgcc.a(div.o)
 .debug_abbrev  0x00000000       0x28 /dsk/l1/misc/roselyne/riscv/lib/gcc/riscv64-unknown-elf/12.2.0/rv32im/ilp32/libgcc.a(div.o)
 .debug_aranges
                0x00000000       0x20 /dsk/l1/misc/roselyne/riscv/lib/gcc/riscv64-unknown-elf/12.2.0/rv32im/ilp32/libgcc.a(div.o)
 .debug_str     0x00000000      0x105 /dsk/l1/misc/roselyne/riscv/lib/gcc/riscv64-unknown-elf/12.2.0/rv32im/ilp32/libgcc.a(div.o)
 .debug_info    0x00000000       0xd8 /dsk/l1/misc/roselyne/riscv/lib/gcc/riscv64-unknown-elf/12.2.0/rv32im/ilp32/libgcc.a(_clz.o)
 .debug_abbrev  0x00000000       0x70 /dsk/l1/misc/roselyne/riscv/lib/gcc/riscv64-unknown-elf/12.2.0/rv32im/ilp32/libgcc.a(_clz.o)
 .debug_aranges
                0x00000000       0x18 /dsk/l1/misc/roselyne/riscv/lib/gcc/riscv64-unknown-elf/12.2.0/rv32im/ilp32/libgcc.a(_clz.o)
 .debug_line    0x00000000       0x3f /dsk/l1/misc/roselyne/riscv/lib/gcc/riscv64-unknown-elf/12.2.0/rv32im/ilp32/libgcc.a(_clz.o)
 .debug_str     0x00000000      0x195 /dsk/l1/misc/roselyne/riscv/lib/gcc/riscv64-unknown-elf/12.2.0/rv32im/ilp32/libgcc.a(_clz.o)
 .debug_line_str
                0x00000000      0x17e /dsk/l1/misc/roselyne/riscv/lib/gcc/riscv64-unknown-elf/12.2.0/rv32im/ilp32/libgcc.a(_clz.o)

Memory Configuration

Name             Origin             Length             Attributes
mem              0x00000000         0x00018000
*default*        0x00000000         0xffffffff

Linker script and memory map


.memory         0x00000000     0xcea8
                0x00000000                        . = 0x0
 start*(.text)
 *(.text)
 .text          0x00000000      0x71c firmware/start.o
                0x00000464                lui_ret
                0x00000470                auipc_ret
                0x0000047c                j_ret
                0x00000488                jal_ret
                0x00000494                jalr_ret
                0x000004a0                beq_ret
                0x000004ac                bne_ret
                0x000004b8                blt_ret
                0x000004c4                bge_ret
                0x000004d0                bltu_ret
                0x000004dc                bgeu_ret
                0x000004e8                lb_ret
                0x000004f4                lh_ret
                0x00000500                lw_ret
                0x0000050c                lbu_ret
                0x00000518                lhu_ret
                0x00000524                sb_ret
                0x00000530                sh_ret
                0x0000053c                sw_ret
                0x00000548                addi_ret
                0x00000554                slti_ret
                0x00000560                xori_ret
                0x0000056c                ori_ret
                0x00000578                andi_ret
                0x00000584                slli_ret
                0x00000590                srli_ret
                0x0000059c                srai_ret
                0x000005a8                add_ret
                0x000005b4                sub_ret
                0x000005c0                sll_ret
                0x000005cc                slt_ret
                0x000005d8                xor_ret
                0x000005e4                srl_ret
                0x000005f0                sra_ret
                0x000005fc                or_ret
                0x00000608                and_ret
                0x00000614                mulh_ret
                0x00000620                mulhsu_ret
                0x0000062c                mulhu_ret
                0x00000638                mul_ret
                0x00000644                div_ret
                0x00000650                divu_ret
                0x0000065c                rem_ret
                0x00000668                remu_ret
                0x00000674                simple_ret
                0x000006d0                hard_mul
                0x000006d8                hard_mulh
                0x000006e0                hard_mulhsu
                0x000006e8                hard_mulhu
                0x000006f0                hard_div
                0x000006f8                hard_divu
                0x00000700                hard_rem
                0x00000708                hard_remu
 .text          0x0000071c      0x450 firmware/irq.o
                0x0000071c                irq
 .text          0x00000b6c       0xe0 firmware/print.o
                0x00000b6c                print_chr
                0x00000b78                print_str
                0x00000b94                print_dec
                0x00000c14                print_hex
 .text          0x00000c4c        0xc firmware/hello.o
                0x00000c4c                hello
 .text          0x00000c58      0x264 firmware/sieve.o
                0x00000d4c                sieve
 .text          0x00000ebc      0x498 firmware/multest.o
                0x00000ee4                multest
 .text          0x00001354      0x1a8 firmware/stats.o
                0x00001430                stats
 .text          0x000014fc      0x560 tests/add.o
                0x000014fc                add
 .text          0x00001a5c      0x30c tests/addi.o
                0x00001a5c                addi
 .text          0x00001d68      0x538 tests/and.o
                0x00001d68                and
 .text          0x000022a0      0x244 tests/andi.o
                0x000022a0                andi
 *fill*         0x000024e4        0x4 
 .text          0x000024e8       0xcc tests/auipc.o
                0x000024e8                auipc
 .text          0x000025b4      0x340 tests/beq.o
                0x000025b4                beq
 .text          0x000028f4      0x3a0 tests/bge.o
                0x000028f4                bge
 .text          0x00002c94      0x3d8 tests/bgeu.o
                0x00002c94                bgeu
 .text          0x0000306c      0x340 tests/blt.o
                0x0000306c                blt
 .text          0x000033ac      0x378 tests/bltu.o
                0x000033ac                bltu
 .text          0x00003724      0x344 tests/bne.o
                0x00003724                bne
 .text          0x00003a68      0x15c tests/div.o
                0x00003a68                div
 .text          0x00003bc4      0x164 tests/divu.o
                0x00003bc4                divu
 .text          0x00003d28       0xbc tests/j.o
                0x00003d28                j
 .text          0x00003de4       0xd8 tests/jal.o
                0x00003de4                jal
 .text          0x00003ebc      0x184 tests/jalr.o
                0x00003ebc                jalr
 .text          0x00004040      0x2cc tests/lb.o
                0x00004040                lb
 .text          0x0000430c      0x2cc tests/lbu.o
                0x0000430c                lbu
 .text          0x000045d8      0x2ec tests/lh.o
                0x000045d8                lh
 .text          0x000048c4      0x300 tests/lhu.o
                0x000048c4                lhu
 .text          0x00004bc4       0xe0 tests/lui.o
                0x00004bc4                lui
 .text          0x00004ca4      0x30c tests/lw.o
                0x00004ca4                lw
 .text          0x00004fb0      0x548 tests/mul.o
                0x00004fb0                mul
 .text          0x000054f8      0x54c tests/mulh.o
                0x000054f8                mulh
 .text          0x00005a44      0x54c tests/mulhsu.o
                0x00005a44                mulhsu
 .text          0x00005f90      0x54c tests/mulhu.o
                0x00005f90                mulhu
 .text          0x000064dc      0x544 tests/or.o
                0x000064dc                or
 .text          0x00006a20      0x25c tests/ori.o
                0x00006a20                ori
 .text          0x00006c7c      0x15c tests/rem.o
                0x00006c7c                rem
 .text          0x00006dd8      0x160 tests/remu.o
                0x00006dd8                remu
 .text          0x00006f38      0x474 tests/sb.o
                0x00006f38                sb
 .text          0x000073ac      0x4f8 tests/sh.o
                0x000073ac                sh
 .text          0x000078a4       0x54 tests/simple.o
                0x000078a4                simple
 .text          0x000078f8      0x5ec tests/sll.o
                0x000078f8                sll
 .text          0x00007ee4      0x308 tests/slli.o
                0x00007ee4                slli
 .text          0x000081ec      0x548 tests/slt.o
                0x000081ec                slt
 .text          0x00008734      0x2f8 tests/slti.o
                0x00008734                slti
 .text          0x00008a2c      0x61c tests/sra.o
                0x00008a2c                sra
 .text          0x00009048      0x33c tests/srai.o
                0x00009048                srai
 .text          0x00009384      0x63c tests/srl.o
                0x00009384                srl
 .text          0x000099c0      0x338 tests/srli.o
                0x000099c0                srli
 .text          0x00009cf8      0x540 tests/sub.o
                0x00009cf8                sub
 .text          0x0000a238      0x504 tests/sw.o
                0x0000a238                sw
 .text          0x0000a73c      0x540 tests/xor.o
                0x0000a73c                xor
 .text          0x0000ac7c      0x268 tests/xori.o
                0x0000ac7c                xori
 .text          0x0000aee4      0x478 /dsk/l1/misc/roselyne/riscv/lib/gcc/riscv64-unknown-elf/12.2.0/rv32im/ilp32/libgcc.a(_divdi3.o)
                0x0000aee4                __divdi3
 .text          0x0000b35c      0x428 /dsk/l1/misc/roselyne/riscv/lib/gcc/riscv64-unknown-elf/12.2.0/rv32im/ilp32/libgcc.a(_moddi3.o)
                0x0000b35c                __moddi3
 .text          0x0000b784      0x430 /dsk/l1/misc/roselyne/riscv/lib/gcc/riscv64-unknown-elf/12.2.0/rv32im/ilp32/libgcc.a(_udivdi3.o)
                0x0000b784                __udivdi3
 .text          0x0000bbb4      0x3e4 /dsk/l1/misc/roselyne/riscv/lib/gcc/riscv64-unknown-elf/12.2.0/rv32im/ilp32/libgcc.a(_umoddi3.o)
                0x0000bbb4                __umoddi3
 .text          0x0000bf98       0x24 /dsk/l1/misc/roselyne/riscv/lib/gcc/riscv64-unknown-elf/12.2.0/rv32im/ilp32/libgcc.a(muldi3.o)
                0x0000bf98                __mulsi3
 .text          0x0000bfbc       0x6c /dsk/l1/misc/roselyne/riscv/lib/gcc/riscv64-unknown-elf/12.2.0/rv32im/ilp32/libgcc.a(multi3.o)
                0x0000bfbc                __muldi3
 .text          0x0000c028       0xb4 /dsk/l1/misc/roselyne/riscv/lib/gcc/riscv64-unknown-elf/12.2.0/rv32im/ilp32/libgcc.a(div.o)
                0x0000c028                __divsi3
                0x0000c030                __hidden___udivsi3
                0x0000c030                __udivsi3
                0x0000c078                __umodsi3
                0x0000c0ac                __modsi3
 .text          0x0000c0dc        0x0 /dsk/l1/misc/roselyne/riscv/lib/gcc/riscv64-unknown-elf/12.2.0/rv32im/ilp32/libgcc.a(_clz.o)
 *(*)
 .data          0x0000c0dc        0x0 firmware/start.o
 .bss           0x0000c0dc        0x0 firmware/start.o
 .riscv.attributes
                0x0000c0dc       0x28 firmware/start.o
 .data          0x0000c104        0x0 firmware/irq.o
 .bss           0x0000c104        0x0 firmware/irq.o
 .rodata.str1.4
                0x0000c104      0x167 firmware/irq.o
                                0x16b (size before relaxing)
 *fill*         0x0000c26b        0x1 
 .sbss          0x0000c26c        0xc firmware/irq.o
 .comment       0x0000c278       0x1b firmware/irq.o
                                 0x1c (size before relaxing)
 .riscv.attributes
                0x0000c293       0x1c firmware/irq.o
 .data          0x0000c2af        0x0 firmware/print.o
 .bss           0x0000c2af        0x0 firmware/print.o
 *fill*         0x0000c2af        0x1 
 .rodata.str1.4
                0x0000c2b0       0x11 firmware/print.o
 .comment       0x0000c2c1       0x1c firmware/print.o
 .riscv.attributes
                0x0000c2c1       0x1c firmware/print.o
 .data          0x0000c2dd        0x0 firmware/hello.o
 .bss           0x0000c2dd        0x0 firmware/hello.o
 *fill*         0x0000c2dd        0x3 
 .rodata.str1.4
                0x0000c2e0        0xd firmware/hello.o
 .comment       0x0000c2ed       0x1c firmware/hello.o
 .riscv.attributes
                0x0000c2ed       0x1c firmware/hello.o
 .data          0x0000c309        0x0 firmware/sieve.o
 .bss           0x0000c309        0x0 firmware/sieve.o
 *fill*         0x0000c309        0x3 
 .rodata.str1.4
                0x0000c30c       0x40 firmware/sieve.o
 .sbss          0x0000c34c        0xc firmware/sieve.o
 .comment       0x0000c358       0x1c firmware/sieve.o
 .riscv.attributes
                0x0000c358       0x1c firmware/sieve.o
 .data          0x0000c374        0x0 firmware/multest.o
 .bss           0x0000c374        0x0 firmware/multest.o
 .rodata.str1.4
                0x0000c374       0x50 firmware/multest.o
                                 0x58 (size before relaxing)
 .sdata         0x0000c3c4        0x4 firmware/multest.o
 .comment       0x0000c3c8       0x1c firmware/multest.o
 .riscv.attributes
                0x0000c3c8       0x1c firmware/multest.o
 .data          0x0000c3e4        0x0 firmware/stats.o
 .bss           0x0000c3e4        0x0 firmware/stats.o
 .rodata.str1.4
                0x0000c3e4       0x3a firmware/stats.o
                                 0x3e (size before relaxing)
 .comment       0x0000c41e       0x1c firmware/stats.o
 .riscv.attributes
                0x0000c41e       0x1c firmware/stats.o
 *fill*         0x0000c43a        0x2 
 .data          0x0000c43c        0x0 tests/add.o
 .bss           0x0000c43c        0x0 tests/add.o
 .riscv.attributes
                0x0000c43c       0x28 tests/add.o
 .data          0x0000c464        0x0 tests/addi.o
 .bss           0x0000c464        0x0 tests/addi.o
 .riscv.attributes
                0x0000c464       0x28 tests/addi.o
 .data          0x0000c48c        0x0 tests/and.o
 .bss           0x0000c48c        0x0 tests/and.o
 .riscv.attributes
                0x0000c48c       0x28 tests/and.o
 .data          0x0000c4b4        0x0 tests/andi.o
 .bss           0x0000c4b4        0x0 tests/andi.o
 .riscv.attributes
                0x0000c4b4       0x28 tests/andi.o
 .data          0x0000c4dc        0x0 tests/auipc.o
 .bss           0x0000c4dc        0x0 tests/auipc.o
 .riscv.attributes
                0x0000c4dc       0x28 tests/auipc.o
 .data          0x0000c504        0x0 tests/beq.o
 .bss           0x0000c504        0x0 tests/beq.o
 .riscv.attributes
                0x0000c504       0x28 tests/beq.o
 .data          0x0000c52c        0x0 tests/bge.o
 .bss           0x0000c52c        0x0 tests/bge.o
 .riscv.attributes
                0x0000c52c       0x28 tests/bge.o
 .data          0x0000c554        0x0 tests/bgeu.o
 .bss           0x0000c554        0x0 tests/bgeu.o
 .riscv.attributes
                0x0000c554       0x28 tests/bgeu.o
 .data          0x0000c57c        0x0 tests/blt.o
 .bss           0x0000c57c        0x0 tests/blt.o
 .riscv.attributes
                0x0000c57c       0x28 tests/blt.o
 .data          0x0000c5a4        0x0 tests/bltu.o
 .bss           0x0000c5a4        0x0 tests/bltu.o
 .riscv.attributes
                0x0000c5a4       0x28 tests/bltu.o
 .data          0x0000c5cc        0x0 tests/bne.o
 .bss           0x0000c5cc        0x0 tests/bne.o
 .riscv.attributes
                0x0000c5cc       0x28 tests/bne.o
 .data          0x0000c5f4        0x0 tests/div.o
 .bss           0x0000c5f4        0x0 tests/div.o
 .riscv.attributes
                0x0000c5f4       0x28 tests/div.o
 .data          0x0000c61c        0x0 tests/divu.o
 .bss           0x0000c61c        0x0 tests/divu.o
 .riscv.attributes
                0x0000c61c       0x28 tests/divu.o
 .data          0x0000c644        0x0 tests/j.o
 .bss           0x0000c644        0x0 tests/j.o
 .riscv.attributes
                0x0000c644       0x28 tests/j.o
 .data          0x0000c66c        0x0 tests/jal.o
 .bss           0x0000c66c        0x0 tests/jal.o
 .riscv.attributes
                0x0000c66c       0x28 tests/jal.o
 .data          0x0000c694        0x0 tests/jalr.o
 .bss           0x0000c694        0x0 tests/jalr.o
 .riscv.attributes
                0x0000c694       0x28 tests/jalr.o
 .data          0x0000c6bc        0x4 tests/lb.o
 .bss           0x0000c6c0        0x0 tests/lb.o
 .riscv.attributes
                0x0000c6c0       0x28 tests/lb.o
 .data          0x0000c6e8        0x4 tests/lbu.o
 .bss           0x0000c6ec        0x0 tests/lbu.o
 .riscv.attributes
                0x0000c6ec       0x28 tests/lbu.o
 .data          0x0000c714        0x8 tests/lh.o
 .bss           0x0000c71c        0x0 tests/lh.o
 .riscv.attributes
                0x0000c71c       0x28 tests/lh.o
 .data          0x0000c744        0x8 tests/lhu.o
 .bss           0x0000c74c        0x0 tests/lhu.o
 .riscv.attributes
                0x0000c74c       0x28 tests/lhu.o
 .data          0x0000c774        0x0 tests/lui.o
 .bss           0x0000c774        0x0 tests/lui.o
 .riscv.attributes
                0x0000c774       0x28 tests/lui.o
 .data          0x0000c79c       0x10 tests/lw.o
 .bss           0x0000c7ac        0x0 tests/lw.o
 .riscv.attributes
                0x0000c7ac       0x28 tests/lw.o
 .data          0x0000c7d4        0x0 tests/mul.o
 .bss           0x0000c7d4        0x0 tests/mul.o
 .riscv.attributes
                0x0000c7d4       0x28 tests/mul.o
 .data          0x0000c7fc        0x0 tests/mulh.o
 .bss           0x0000c7fc        0x0 tests/mulh.o
 .riscv.attributes
                0x0000c7fc       0x28 tests/mulh.o
 .data          0x0000c824        0x0 tests/mulhsu.o
 .bss           0x0000c824        0x0 tests/mulhsu.o
 .riscv.attributes
                0x0000c824       0x28 tests/mulhsu.o
 .data          0x0000c84c        0x0 tests/mulhu.o
 .bss           0x0000c84c        0x0 tests/mulhu.o
 .riscv.attributes
                0x0000c84c       0x28 tests/mulhu.o
 .data          0x0000c874        0x0 tests/or.o
 .bss           0x0000c874        0x0 tests/or.o
 .riscv.attributes
                0x0000c874       0x28 tests/or.o
 .data          0x0000c89c        0x0 tests/ori.o
 .bss           0x0000c89c        0x0 tests/ori.o
 .riscv.attributes
                0x0000c89c       0x28 tests/ori.o
 .data          0x0000c8c4        0x0 tests/rem.o
 .bss           0x0000c8c4        0x0 tests/rem.o
 .riscv.attributes
                0x0000c8c4       0x28 tests/rem.o
 .data          0x0000c8ec        0x0 tests/remu.o
 .bss           0x0000c8ec        0x0 tests/remu.o
 .riscv.attributes
                0x0000c8ec       0x28 tests/remu.o
 .data          0x0000c914        0xa tests/sb.o
 .bss           0x0000c91e        0x0 tests/sb.o
 .riscv.attributes
                0x0000c91e       0x28 tests/sb.o
 *fill*         0x0000c946        0x2 
 .data          0x0000c948       0x14 tests/sh.o
 .bss           0x0000c95c        0x0 tests/sh.o
 .riscv.attributes
                0x0000c95c       0x28 tests/sh.o
 .data          0x0000c984        0x0 tests/simple.o
 .bss           0x0000c984        0x0 tests/simple.o
 .riscv.attributes
                0x0000c984       0x28 tests/simple.o
 .data          0x0000c9ac        0x0 tests/sll.o
 .bss           0x0000c9ac        0x0 tests/sll.o
 .riscv.attributes
                0x0000c9ac       0x28 tests/sll.o
 .data          0x0000c9d4        0x0 tests/slli.o
 .bss           0x0000c9d4        0x0 tests/slli.o
 .riscv.attributes
                0x0000c9d4       0x28 tests/slli.o
 .data          0x0000c9fc        0x0 tests/slt.o
 .bss           0x0000c9fc        0x0 tests/slt.o
 .riscv.attributes
                0x0000c9fc       0x28 tests/slt.o
 .data          0x0000ca24        0x0 tests/slti.o
 .bss           0x0000ca24        0x0 tests/slti.o
 .riscv.attributes
                0x0000ca24       0x28 tests/slti.o
 .data          0x0000ca4c        0x0 tests/sra.o
 .bss           0x0000ca4c        0x0 tests/sra.o
 .riscv.attributes
                0x0000ca4c       0x28 tests/sra.o
 .data          0x0000ca74        0x0 tests/srai.o
 .bss           0x0000ca74        0x0 tests/srai.o
 .riscv.attributes
                0x0000ca74       0x28 tests/srai.o
 .data          0x0000ca9c        0x0 tests/srl.o
 .bss           0x0000ca9c        0x0 tests/srl.o
 .riscv.attributes
                0x0000ca9c       0x28 tests/srl.o
 .data          0x0000cac4        0x0 tests/srli.o
 .bss           0x0000cac4        0x0 tests/srli.o
 .riscv.attributes
                0x0000cac4       0x28 tests/srli.o
 .data          0x0000caec        0x0 tests/sub.o
 .bss           0x0000caec        0x0 tests/sub.o
 .riscv.attributes
                0x0000caec       0x28 tests/sub.o
 .data          0x0000cb14       0x28 tests/sw.o
 .bss           0x0000cb3c        0x0 tests/sw.o
 .riscv.attributes
                0x0000cb3c       0x28 tests/sw.o
 .data          0x0000cb64        0x0 tests/xor.o
 .bss           0x0000cb64        0x0 tests/xor.o
 .riscv.attributes
                0x0000cb64       0x28 tests/xor.o
 .data          0x0000cb8c        0x0 tests/xori.o
 .bss           0x0000cb8c        0x0 tests/xori.o
 .riscv.attributes
                0x0000cb8c       0x28 tests/xori.o
 .data          0x0000cbb4        0x0 /dsk/l1/misc/roselyne/riscv/lib/gcc/riscv64-unknown-elf/12.2.0/rv32im/ilp32/libgcc.a(_divdi3.o)
 .bss           0x0000cbb4        0x0 /dsk/l1/misc/roselyne/riscv/lib/gcc/riscv64-unknown-elf/12.2.0/rv32im/ilp32/libgcc.a(_divdi3.o)
 .comment       0x0000cbb4       0x1c /dsk/l1/misc/roselyne/riscv/lib/gcc/riscv64-unknown-elf/12.2.0/rv32im/ilp32/libgcc.a(_divdi3.o)
 .eh_frame      0x0000cbb4       0x28 /dsk/l1/misc/roselyne/riscv/lib/gcc/riscv64-unknown-elf/12.2.0/rv32im/ilp32/libgcc.a(_divdi3.o)
 .riscv.attributes
                0x0000cbdc       0x2a /dsk/l1/misc/roselyne/riscv/lib/gcc/riscv64-unknown-elf/12.2.0/rv32im/ilp32/libgcc.a(_divdi3.o)
 .data          0x0000cc06        0x0 /dsk/l1/misc/roselyne/riscv/lib/gcc/riscv64-unknown-elf/12.2.0/rv32im/ilp32/libgcc.a(_moddi3.o)
 .bss           0x0000cc06        0x0 /dsk/l1/misc/roselyne/riscv/lib/gcc/riscv64-unknown-elf/12.2.0/rv32im/ilp32/libgcc.a(_moddi3.o)
 .comment       0x0000cc06       0x1c /dsk/l1/misc/roselyne/riscv/lib/gcc/riscv64-unknown-elf/12.2.0/rv32im/ilp32/libgcc.a(_moddi3.o)
 *fill*         0x0000cc06        0x2 
 .eh_frame      0x0000cc08       0x28 /dsk/l1/misc/roselyne/riscv/lib/gcc/riscv64-unknown-elf/12.2.0/rv32im/ilp32/libgcc.a(_moddi3.o)
 .riscv.attributes
                0x0000cc30       0x2a /dsk/l1/misc/roselyne/riscv/lib/gcc/riscv64-unknown-elf/12.2.0/rv32im/ilp32/libgcc.a(_moddi3.o)
 .data          0x0000cc5a        0x0 /dsk/l1/misc/roselyne/riscv/lib/gcc/riscv64-unknown-elf/12.2.0/rv32im/ilp32/libgcc.a(_udivdi3.o)
 .bss           0x0000cc5a        0x0 /dsk/l1/misc/roselyne/riscv/lib/gcc/riscv64-unknown-elf/12.2.0/rv32im/ilp32/libgcc.a(_udivdi3.o)
 .comment       0x0000cc5a       0x1c /dsk/l1/misc/roselyne/riscv/lib/gcc/riscv64-unknown-elf/12.2.0/rv32im/ilp32/libgcc.a(_udivdi3.o)
 *fill*         0x0000cc5a        0x2 
 .eh_frame      0x0000cc5c       0x28 /dsk/l1/misc/roselyne/riscv/lib/gcc/riscv64-unknown-elf/12.2.0/rv32im/ilp32/libgcc.a(_udivdi3.o)
 .riscv.attributes
                0x0000cc84       0x2a /dsk/l1/misc/roselyne/riscv/lib/gcc/riscv64-unknown-elf/12.2.0/rv32im/ilp32/libgcc.a(_udivdi3.o)
 .data          0x0000ccae        0x0 /dsk/l1/misc/roselyne/riscv/lib/gcc/riscv64-unknown-elf/12.2.0/rv32im/ilp32/libgcc.a(_umoddi3.o)
 .bss           0x0000ccae        0x0 /dsk/l1/misc/roselyne/riscv/lib/gcc/riscv64-unknown-elf/12.2.0/rv32im/ilp32/libgcc.a(_umoddi3.o)
 .comment       0x0000ccae       0x1c /dsk/l1/misc/roselyne/riscv/lib/gcc/riscv64-unknown-elf/12.2.0/rv32im/ilp32/libgcc.a(_umoddi3.o)
 *fill*         0x0000ccae        0x2 
 .eh_frame      0x0000ccb0       0x28 /dsk/l1/misc/roselyne/riscv/lib/gcc/riscv64-unknown-elf/12.2.0/rv32im/ilp32/libgcc.a(_umoddi3.o)
 .riscv.attributes
                0x0000ccd8       0x2a /dsk/l1/misc/roselyne/riscv/lib/gcc/riscv64-unknown-elf/12.2.0/rv32im/ilp32/libgcc.a(_umoddi3.o)
 .data          0x0000cd02        0x0 /dsk/l1/misc/roselyne/riscv/lib/gcc/riscv64-unknown-elf/12.2.0/rv32im/ilp32/libgcc.a(muldi3.o)
 .bss           0x0000cd02        0x0 /dsk/l1/misc/roselyne/riscv/lib/gcc/riscv64-unknown-elf/12.2.0/rv32im/ilp32/libgcc.a(muldi3.o)
 .riscv.attributes
                0x0000cd02       0x28 /dsk/l1/misc/roselyne/riscv/lib/gcc/riscv64-unknown-elf/12.2.0/rv32im/ilp32/libgcc.a(muldi3.o)
 .data          0x0000cd2a        0x0 /dsk/l1/misc/roselyne/riscv/lib/gcc/riscv64-unknown-elf/12.2.0/rv32im/ilp32/libgcc.a(multi3.o)
 .bss           0x0000cd2a        0x0 /dsk/l1/misc/roselyne/riscv/lib/gcc/riscv64-unknown-elf/12.2.0/rv32im/ilp32/libgcc.a(multi3.o)
 .comment       0x0000cd2a       0x1c /dsk/l1/misc/roselyne/riscv/lib/gcc/riscv64-unknown-elf/12.2.0/rv32im/ilp32/libgcc.a(multi3.o)
 .riscv.attributes
                0x0000cd2a       0x2a /dsk/l1/misc/roselyne/riscv/lib/gcc/riscv64-unknown-elf/12.2.0/rv32im/ilp32/libgcc.a(multi3.o)
 .data          0x0000cd54        0x0 /dsk/l1/misc/roselyne/riscv/lib/gcc/riscv64-unknown-elf/12.2.0/rv32im/ilp32/libgcc.a(div.o)
 .bss           0x0000cd54        0x0 /dsk/l1/misc/roselyne/riscv/lib/gcc/riscv64-unknown-elf/12.2.0/rv32im/ilp32/libgcc.a(div.o)
 .riscv.attributes
                0x0000cd54       0x28 /dsk/l1/misc/roselyne/riscv/lib/gcc/riscv64-unknown-elf/12.2.0/rv32im/ilp32/libgcc.a(div.o)
 .data          0x0000cd7c        0x0 /dsk/l1/misc/roselyne/riscv/lib/gcc/riscv64-unknown-elf/12.2.0/rv32im/ilp32/libgcc.a(_clz.o)
 .bss           0x0000cd7c        0x0 /dsk/l1/misc/roselyne/riscv/lib/gcc/riscv64-unknown-elf/12.2.0/rv32im/ilp32/libgcc.a(_clz.o)
 .rodata        0x0000cd7c      0x100 /dsk/l1/misc/roselyne/riscv/lib/gcc/riscv64-unknown-elf/12.2.0/rv32im/ilp32/libgcc.a(_clz.o)
                0x0000cd7c                __clz_tab
 .comment       0x0000ce7c       0x1c /dsk/l1/misc/roselyne/riscv/lib/gcc/riscv64-unknown-elf/12.2.0/rv32im/ilp32/libgcc.a(_clz.o)
 .riscv.attributes
                0x0000ce7c       0x2a /dsk/l1/misc/roselyne/riscv/lib/gcc/riscv64-unknown-elf/12.2.0/rv32im/ilp32/libgcc.a(_clz.o)
                0x0000cea6                        end = .
                0x0000cea8                        . = ALIGN (0x4)
 *fill*         0x0000cea6        0x2 
LOAD firmware/start.o
LOAD firmware/irq.o
LOAD firmware/print.o
LOAD firmware/hello.o
LOAD firmware/sieve.o
LOAD firmware/multest.o
LOAD firmware/stats.o
LOAD tests/add.o
LOAD tests/addi.o
LOAD tests/and.o
LOAD tests/andi.o
LOAD tests/auipc.o
LOAD tests/beq.o
LOAD tests/bge.o
LOAD tests/bgeu.o
LOAD tests/blt.o
LOAD tests/bltu.o
LOAD tests/bne.o
LOAD tests/div.o
LOAD tests/divu.o
LOAD tests/j.o
LOAD tests/jal.o
LOAD tests/jalr.o
LOAD tests/lb.o
LOAD tests/lbu.o
LOAD tests/lh.o
LOAD tests/lhu.o
LOAD tests/lui.o
LOAD tests/lw.o
LOAD tests/mul.o
LOAD tests/mulh.o
LOAD tests/mulhsu.o
LOAD tests/mulhu.o
LOAD tests/or.o
LOAD tests/ori.o
LOAD tests/rem.o
LOAD tests/remu.o
LOAD tests/sb.o
LOAD tests/sh.o
LOAD tests/simple.o
LOAD tests/sll.o
LOAD tests/slli.o
LOAD tests/slt.o
LOAD tests/slti.o
LOAD tests/sra.o
LOAD tests/srai.o
LOAD tests/srl.o
LOAD tests/srli.o
LOAD tests/sub.o
LOAD tests/sw.o
LOAD tests/xor.o
LOAD tests/xori.o
LOAD /dsk/l1/misc/roselyne/riscv/lib/gcc/riscv64-unknown-elf/12.2.0/rv32im/ilp32/libgcc.a
OUTPUT(firmware/firmware.elf elf32-littleriscv)
